---
source: src/passes/resolve_names.rs
expression: "test_resolve(\"func foo() { bloop() }\")"
---
Err("error: symbol `bloop` not found\n\n")
