---
source: src/passes/resolve_names.rs
expression: "Resolver::visit(&mut ast)"
---
(
    SymbolTable {
        symbol_lookup: [
            Function {
                ident: u!("foo"),
            },
        ],
    },
    [],
)
