---
source: src/parser/expr.rs
expression: "test_parse(\"a.12\", |p| p.parse_expr())"
---
(Ok(Dummy), "error: invalid accessor\n  ┌─ test_source:1:3\n  │\n1 │ a.12\n  │   ^^\n\n")
