---
source: src/parser/item.rs
expression: "test_parse(\"foo(a: uint) -> {}\", |p| p.parse_func())"
---
(Err(Unexpected(
  expected: "a type",
  found: Some(Span(
    start: 16,
    end: 18,
  )),
)), [], [])
