---
source: src/parser/item.rs
expression: "test_parse(\"{14;12}\", |p| p.parse_block())"
---
(Ok(Block(
  stmts: [
    Expr(Const(ConstIdx(0))),
  ],
  final_expr: Const(ConstIdx(1)),
)), "")
