---
source: src/syntax/parser/item.rs
expression: "parse(\"foo(a: uint) -> {}\", |p| p.parse_func())"
---
(Err(Unexpected(
  expected: "a type",
  found: Some(Group(
    bracket_kind: Curly,
    tokens: TokenStream([]),
  )),
)), [], [])
