---
source: src/syntax/parser/expr.rs
expression: "test_parse(\"(1 1)\", |p| p.parse_expr())"
---
(Err(Unexpected(
  expected: "end of parenthesised expression",
  found: Some(Token(Token(
    span: Span(
      start: 3,
      end: 4,
    ),
    kind: Const(ConstIdx(1)),
  ))),
)), [], [])
