---
source: src/syntax/parser/item.rs
expression: "test_parse(\"a = 12\", |p| p.parse_stmt())"
---
(Ok(Assignment(
  ident: Unresolved("a"),
  rhs: Const(ConstIdx(0)),
)), [], [])
