---
source: src/syntax/parser/item.rs
expression: "parser(\"foo() {}\").parse_func()"
---
Ok(Func(
  ident: Unresolved("foo"),
  params: [],
  ret_ty: Unit,
  body: Unit,
))
