---
source: src/syntax/parser/expr.rs
expression: "test_parse(\"()\", |p| p.parse_expr())"
---
(Ok(Unit), [], [])
